[theme.madsparrow.me/jackryan/slider-parallax/index.html]
[backblue.gif]
[fade.gif]
[index.html]
[theme.madsparrow.me/jackryan/wp-includes/css/dist/block-library/style.mindfc9.css]
[theme.madsparrow.me/jackryan/wp-content/plugins/block-gallery/dist/blocks.style.build3ec8.css]
[theme.madsparrow.me/jackryan/wp-content/plugins/contact-form-7/includes/css/styles04dd.css]
[theme.madsparrow.me/jackryan/wp-content/plugins/em-purchase-code-validator/public/assets/css/em-puchase-code-validator-public4963.css]
[theme.madsparrow.me/jackryan/wp-content/themes/jackryan/assets/css/vendor/swiper.min20b9.css]
[theme.madsparrow.me/jackryan/wp-content/themes/jackryan/assets/css/vendor/magnific-popup20b9.css]
[theme.madsparrow.me/jackryan/wp-content/themes/jackryan/assets/css/vendor/socicon20b9.css]
[theme.madsparrow.me/jackryan/wp-content/themes/jackryan/assets/css/main20b9.css]
[theme.madsparrow.me/jackryan/wp-includes/js/jquery/jquery.minaf6c.js]
[theme.madsparrow.me/jackryan/wp-includes/js/jquery/jquery-migrate.mind617.js]
[theme.madsparrow.me/jackryan/wp-content/plugins/em-purchase-code-validator/public/assets/js/vue.min4963.js]
[theme.madsparrow.me/jackryan/wp-content/plugins/em-purchase-code-validator/public/assets/js/moment4963.js]
[theme.madsparrow.me/jackryan/wp-content/plugins/em-purchase-code-validator/public/assets/js/moment-timezone.min4963.js]
[theme.madsparrow.me/jackryan/wp-content/plugins/em-purchase-code-validator/public/assets/js/axios.min4963.js]
[theme.madsparrow.me/jackryan/wp-content/uploads/2020/04/thumb-50x50.png]
[theme.madsparrow.me/jackryan/wp-content/uploads/2020/04/thumb.png]
[theme.madsparrow.me/jackryan/wp-content/uploads/2020/03/photo-15843979532.jpg]
[theme.madsparrow.me/jackryan/wp-content/uploads/2020/04/11223-e1586204399862.jpg]
[theme.madsparrow.me/jackryan/wp-content/uploads/2020/03/photo-15843979532bike.jpg]
[theme.madsparrow.me/jackryan/wp-content/uploads/2020/06/stock-photo-1001570064.jpg]
[theme.madsparrow.me/jackryan/wp-includes/js/dist/vendor/regenerator-runtime.minb36a.js]
[theme.madsparrow.me/jackryan/wp-includes/js/dist/vendor/wp-polyfill.min2c7c.js]
[theme.madsparrow.me/jackryan/wp-content/plugins/contact-form-7/includes/js/index04dd.js]
[theme.madsparrow.me/jackryan/wp-content/plugins/em-purchase-code-validator/public/assets/js/em-puchase-code-validator-public4963.js]
[theme.madsparrow.me/jackryan/wp-includes/js/imagesloaded.mineda1.js]
[theme.madsparrow.me/jackryan/wp-content/themes/jackryan/assets/js/vendor/modernizr20b9.js]
[theme.madsparrow.me/jackryan/wp-content/themes/jackryan/assets/js/vendor/isotope.pkgd.min20b9.js]
[theme.madsparrow.me/jackryan/wp-content/themes/jackryan/assets/js/vendor/swiper.min20b9.js]
[theme.madsparrow.me/jackryan/wp-content/themes/jackryan/assets/js/vendor/jarallax.min20b9.js]
[theme.madsparrow.me/jackryan/wp-content/themes/jackryan/assets/js/vendor/jarallax-video.min20b9.js]
[theme.madsparrow.me/jackryan/wp-content/themes/jackryan/assets/js/vendor/fslightbox20b9.js]
[theme.madsparrow.me/jackryan/wp-content/themes/jackryan/assets/js/vendor/gsap.min20b9.js]
[theme.madsparrow.me/jackryan/wp-content/themes/jackryan/assets/js/util20b9.js]
[theme.madsparrow.me/jackryan/wp-content/themes/jackryan/assets/js/app20b9.js]
[theme.madsparrow.me/jackryan/slider-parallax/index.html]
[theme.madsparrow.me/jackryan/wp-includes/css/dist/block-library/style.mindfc9.css]
[theme.madsparrow.me/jackryan/wp-content/plugins/block-gallery/dist/blocks.style.build3ec8.css]
[theme.madsparrow.me/jackryan/wp-content/plugins/contact-form-7/includes/css/styles04dd.css]
[theme.madsparrow.me/jackryan/wp-content/plugins/em-purchase-code-validator/public/assets/css/em-puchase-code-validator-public4963.css]
[theme.madsparrow.me/jackryan/wp-content/themes/jackryan/assets/css/vendor/swiper.min20b9.css]
[theme.madsparrow.me/jackryan/wp-content/themes/jackryan/assets/css/vendor/magnific-popup20b9.css]
[theme.madsparrow.me/jackryan/wp-content/themes/jackryan/assets/css/vendor/socicon20b9.css]
[theme.madsparrow.me/jackryan/wp-content/themes/jackryan/assets/css/main20b9.css]
[theme.madsparrow.me/jackryan/wp-includes/js/wp-embed.mindfc9.js]
